tests/ElabConfig.lean:10:22: error: 'noSuchOption' is not a field of structure 'Aesop.Options'
tests/ElabConfig.lean:13:27: error: 'noSuchOption' is not a field of structure 'Aesop.SimpConfig'
