tests/TraceProof.lean:11:2: warning: aesop: failed to prove the goal after exhaustive search.
tests/TraceProof.lean:10:15: error: unsolved goals
α : Sort ?u.5
⊢ α
[aesop.proof] <no proof>
