tests/golden/18.lean:16:6: error: aesop: failed to prove the goal after exhaustive search.
